// Jest Snapshot v1, https://goo.gl/fbAQLP

exports[`renders a canvas with a chart 1`] = `"data:image/png;base64,iVBORw0KGgoAAAANSUhEUgAAASwAAACWCAYAAABkW7XSAAAABmJLR0QA/wD/AP+gvaeTAAAgAElEQVR4nO2de3gU1fnHv++ZySYBVIJFTdCqtdV6wQIJgnfrvVa0XmKtLTaSnTMhmFqs1lptja31Ui+okbBzJkAqaG2jVrRWrbU/bL1LEG2l1vuNgDeWyiVkd+a8vz92li4peyHZYJD5PM8+hJnZ77xnd/adc97znneAkJCQkJCQkJCQ4kKf1Ymj0ejhQohrhRDnx2KxF9Lbp0yZUmWa5hUA9gPwhtb6yra2treC9+wshLgKwP4A/gHgMqXUx59JA0JCQrY44rM4qZTSFkJcB2A3z/OGZewi0zT/RESfMnMTM38ihFiQ3imEuB1AUmvdREQegDlb2vaQkJDPjs/EYTHzx6WlpV8HsCpzu5RyewB/r6ysvMR13SXJZPIyAKOnTJmyXWNj424ADgJwQVtbW+fKlSunAzhcSlm55VsQEhKyzSGlfCkajR6ebb9lWeOllO8BgG3bx1mW9UTmftu2n5ZSfn2g7QwJCRkcfCY9rEKYNm3ajkTkMvMPAEBrvSOA/2Qew8yrmHnkZ2JgSEjIFsf8rA3YFI2Njbslk8kHmfl613X/EGxeQ0TlvQ4dAmA1gJEorC0HAnipSGaOALByEGoVW2+wahVbb1uxbTC3MwLgnVwHDDqH1djYuIvneX8hosuUUndn7HofwO69Dt8TwLsAPipQ/mAAy4tgZprBqlVsvcGqVWy9bcW2wdrOvPHorA5LSvl9Itql0DMZhvGb1tbWFYUenw3f99sBXO84Tqazguu6L0op2bKsI13XfdyyrBMArHVd9+X+njMkJGTrIKvDIqImrfUSIvIL0DkqkUj8BUBBDktK+SgRVTDzl4UQrm3bawA0AEgy8/EARtq23ZBhixWLxV5g5iYi6ggC8bsS0TmFnC8kJOTzQVaHpbVeXVZWNq2lpaUnn4iUstUwDK/QkxLRRb7vb3RurfWrZWVlnEgkxvc+PhKJvAYArus+NHny5D3Lysr2IKK3HMdZV+g5Q0JCtkHq6uqG19bWGp+1HX3k9CJqFTP/q9i5ZIPVtm2lncXWG6xaxdITAIYB2Df4N2v2Qq4Y1g7MfCsRHQxgSSKRkJFIZBaAsyORyGrbtm3HcX5bBGNDQkK2XUwAuwIoAbADAA9AAqlJtv8JR2X1ZER0ORHtSERRAEsjkch9zMyJRKIcwEnMfOv06dN7pxmEhIRsmxBS/sQIXiXBqzR4lQEoRyoVaShSPantkJr53yF4rw9gTfD+EZs6SdYeFjMfpLW+sK2trRPA36SUbwghft7e3r4ewBO2bb++evXqPQD8q/9tDQkJGSAo4wWkfvORXtuowFfvYwVSOZCMvhdS2BnAeqScWCTY1hP8/3/SlXLlYX1kGMa+ADqD/7u+778JAE1NTaU9PT27m6b5SR+NDAnZlsnnBHpvG4pUbwQZxxT6/t7siNSwqxAbN6XV++90bynb/lzOTyDVuxoGQCPl+NLbN5mdkCut4UZm/qNt2xWO47Qopa4FgGg0umdPT8+9AJ6KxWIf5m93SMhWgcDGjqDQHofo9W963wikHMOmjt1chgFYi8KdSDaHBqQcX08B7SmUoQC6g78znY7utS1zH2e8PgAwHMA6/NcflSFLMnhWh+U4ztP19fXjDMPYMXN7JBLpTiaTLUQ0bzMaFRLSF3L1RAip2Ej5Jrb3PnZTvZber5H474+srzZmnj8dq8lnSz67AOALfbArTdoxpP82AxsynUhvR5L596YcTebfAsCHGds3l3UAkkg50lKknPMq9Fo3nKagcWdjY+Mw3/e/6Pv+RkF2IcS/lFJ9yoWaOnVqhe/7Fwgh2mOx2NuZNtm2fQYz78/M/3Rd917898PIta8QTgdwb1/s3QSVKO6ShGIulxhI2/I5kVw/vEqk7qj5nAhQ2J1+50CvN9k0czm0kQA+znFs715LPvu+EOhtik398Df1Su8fif86hUKcCHodk0m2z6yvFEvPRMppvYocQ9a8awkty5rieV4LgJVCiETmPiHEqQD+ubmWNTQ0HOT7fhtSBfweA/B2ep9t2zOY+XAA9wghLrUsa7zruj/Jty9kIydgIjVDs6kf7ObEPwipH16659Gf6h7peEdmLGZznB828XcFUrGO/g65gFRPrSz4e1POw8d/P4dCHE4JUouCC3Ei+RiC1OzZ55l0OkPO+Fpeh0VE5wI4UCn1RpEMg9b6FMMwan3f78jc3tTUtH1PT895yWTyy3Pnzv2ooaGhjYhemTx58i+HDx9uZNs3b968tbmagFRgbziAXZC6I6xEqhs60BTSkyCkLshNBS4L6bVs6ke6OYHVXA4D+O/Qpi+9lt77d8Tm/WDzOQaN1EVeyLG5hj5pR1ToIvpCSGLLXGPbFHkdFjO/zsx5l+dsDkqpywFASrnR9kQiMYaIXps7d+5HABCLxT6UUr5TVlb2tUQiYWbbB+CpHKcbiZTD6kbq4h6G1I9wGVIXar47fTaHMzzQ6+twJpPtkBrL9z4PsGndfM4jHVjN15ZCbev9/edyCLmcRDmAT3ttz9ZrKSSeVBrohWwj5HVYJSUlV3qe94CU8mlm3ujiMAyjJRaLLSuWMVrrXYio913uYyHELlprM9u+HJImUs4q3Z1OJ6sNQSo5LVfPLJNNOYahwatQJ5Jr2wj0L5cF2NhBZAZWC+lp9N6e6UQEUrGYQp1ILobhvzNKISGbTV6HlUwmrxJCrGbmAV9oLITwmHmj3gkRCQC+EALZ9iF7Ab9IsG9oxv+/iFSsIu3IsjkaIHdPaQRSvaxcZA5/es/IIOP/mb2YbE4kva93HCTtRDJtT2caF4MR6L+jStOf2a6B1ttWbBvM7cx7nRUSw9qDmY9RSg34eJyIPmDmnTK3MfPOAFYIIcxs+5A99mAg5aTSPSwz+NsH8An+28PanGBq+pU+96bev7mB1WLP3KDIeoNVq9h624ptg7WdQ/MdkDfWwszziejM4tiTm/Ly8sUAdpsyZUoVADQ0NOwBYKfS0tIlufblkPQBxJHqwZhIDUe6kfqAlyEVfF+JVN5HOvfj0+C1Ginnthap+FI3UksIepCKXSXw38Cqj//OIvU1HyUkJCQPeWMmUsp5AE5B6ge6UQxLCHFqLBbb7LQG27abAAxh5h8y831CiLeZ+bdKqXdt276cmb8D4H4ApwGYrZS6Pnhf1n152rgdUsO3swA8jJRjKrh+VxaK2SsarLkxg1mr2Hrbim2DuZ1DAbye64CsPaxoNLovANJaX621PlprfaLW+qxerzeBVG9HSjlkc60jopuFEG9nbnMc5ypmvgCpQO/UTIeUa18OGClH+27wvk/Qf2cVEhLyGZC1h2Xb9qJIJHJogRVH27XWLUFlh8FMHYBHiqS1rdz1BqtWsfW2FdsGczvz9rByBt17enr+JaUsJCYzEkDLZhgWEhISstlkdVi+709GKl+pIIQQYV2skJCQASWrw2prawsdUEhIyKBi0D6qPiQkJKQ3ocMKCQnZasjrsKSUd9TX1+++JYwJCQkJyUXepTkAXjYM49za2trrOjo6EvkP7z/nnXfeyNLS0j211m8qpTYqgial/AKAvQC80XtfSEjI55tCM92PA7A9UvkWGxYo9jXTPc/5pgGYDuBZABMA3KiUmhXsOwfArQBeBrAvETU6jnP3ZsjXIczD+rxoFVtvW7FtMLez75nuaYJM929qrQ/XWp+5qUz3YtHU1FQK4EbTNL+ulPougBMA3CSlLAmeNn29EOIkpdSRACYx8w3Nzc1hHC4kZBsh75AwM72hrq5ueCQSWTtQlRs8zxsCwPA8bwUAJBKJZZFIJAJgyI477riP1npNLBZ7DgCUUs9KKb0VK1Z8DcALA2FPSEjI4CJv76S2tjYipbxFSrkqEonEAXzRsqxG27a/V2xjZs2aFQewgJmvbWhoOCgSiVxNRL9VSv3H9/1diOj9zOOZ+T2tdVWx7QgJCRmc5O1hVVRUXM7Mw4noQABzAMAwjAVa6ycnT578hzz11DcbZv49Ef3S9/2vEtFeWutfBruG9C7VLIToYeYhyF7Ab1PsXCRTt5WiaoNVq9h624ptg7md/S/gx8yHE9E5Sqnl6RrssVhsmZTyxSFDhuwOYGn/7UwhpdwLwK2JROKr7e3tq4Ih6Ku2bT/n+/6HRLRRhU9mHkFEH2DzHh4wWAuhDdaiaoNZq9h624ptg7Wd/S/gR0RdAA7L3DZ58uShAA5IJpPv9d22TbIXgA/a29tXAUDw7wda692RmhncLwjMp23YxzTNl4tsQ0hIyCAlbw9La32VEOJxKaUNYF8AN5WXl48lIjVnzpzVxTSmpKSkM5lMVtq2Xe953uOmaR7OzCNN0+ycNWtW3LbtR3p6etyGhoY5WmsbwP0zZ878pJg2hISEDF7y9rBM0/wUwFeIqB3ATKQqdn7T9/17glSDojFz5sxPiOgoZj7INM3bmHmi1vrrQTAekUjEArDC9/2fAnjbNM2pxTx/SEjI4KaQGNaC0tLSQ1taWuant9XW1hoVFRXPjRgx4mwArxXTIMdxlgKwN7WvpaXlUwA/Lub5QkJCth6yOqxoNDpRCDGPmffs6elZ3uuhp2UAPmbmDwfcwpCQkJCAXPWwngHwFSnlHw3D+BEyHrtNRMmddtppeXNzc1gbPSQkZIuRd0iolDp5SxgSEhISko+8Dmvq1Kn7+L7/awB7I/VQ0g0MxOLnkJCQkGzkdVi+718LYLEQ4tee563vtbuoi59DQkJCclHIcpYdqqqqfhXGq0JCQj5rCinN8puuri47LOMSEhLyWVNID+tYAKd0dXX9Skq5UVb5QMSwGhsbh3me5wD4BoAPiGi64zgPA0BDQ8MBzOwy875IrWGcopR6pZjnDwkJGbwUWsDvaK31MdkeVV9MksnklQDWm6b5RWa+hJl/ke7daa1vZ+bfJhKJXQDcRURzi33+kJCQwUveEslbEillCYD3ksnk6Llz525UgSGYrXxcKVUJgJubm0VXV9cKwzAmzpo1q1DHWYewRPLnRavYetuKbYO5nf17VD2QqulORPv23s7MZUKIs4s5JDRNcxfP83pM04xKKesBfAjgx0qpJ7TWewL4NwAGgObmZm1Z1qta670QzlaGhGwT5HVYQogW3/e3z9hUQkSHMvOO69evz+kNN5dEIrGTEKKSiD6tqqr6aldX18kA7mlsbNzL9/0KABtVhyCi1QBGFNOGkJCQwUteh5Wuod6Lh6SU88rKyrYH0Ds3q88IIdYC8JRSrUj1pO6TUl7led4YIooD2C7zeGbejohWIqw4OpB6g1Wr2Hrbim2DuZ39rzi6KYKyMpW+7w9HathWFDzPW2aapjF58uQhGaWXmYh8IcRbvu9/Bam4WzqGtY8Q4g2EFUcHWm+wahVbb1uxbbC2M2/F0c2OYTGzAWA3AC+vWrXqjf7ZtzFz5sxZLaV8oLy8/FIAP7Nt+2hm3tkwjH+0traukVIusyzrPNd15y5btqyBiF7bjIB7SEjIVs5mx7CYWQNY3tbW9gqCAHgx0Vr/UAhxh5RyFTOvIKLvtra2rgl2TyGieVLKVgAva62L/uSekJCQwUvBaQ21tbWRkSNH7gwgnuFAtjbqEKY1fF60iq23rdg2mNvZ/7SGKVOmbGea5mwAZ3ieRwBISvlPZrZd132qSIaGhISE5KWQmu5XENFHAHZVSolEIlFORFcQ0bzm5uY+Be1DQkJC+kIhC5prmPkqpdRyAGhvb1/vOM69AP61fPnyPQfWvJCQkJD/UojDWsHM4zM3pJ8JGNZ0DwkJ2ZIUMkt4ndb6Udu2FzHzewCGATiSmW93Xfc/A29iSEhISIq8PaxYLPZCSUnJPlrruwC8z8zPaK0nua77ky1gX0hISMgGCirK53ne8UKIJ5VSV7que4sQYtK0adN2HGjjQkJCQjIpJNP9fGaOMvNZ6W3MPCKZTP6ltra2pqOjwx8Iw6ZPn16+Zs2amGEYM9PrGYPifhcB2A/AywCuV0qtG4jzh4SEDD7y9rCY+QwiOsd13VfT21zX/QGA7hEjRnxpoAxbu3bt5UR0pu/7o9LbksnkXACjmXk+gAMBOAN1/pCQkMFHXoclhPhQa72RY2pqatoewG5CiI8HwijLsvYHcBKAP6e3RaPRnYno+KFDh37Pdd37AUwGcEo4NA0J2XbIOyTUWl9DRA9ZlrWYiN4HsENPT8+RAObNmjUrPgA2kRBiFjM3AfhBxvb9iWjpjBkzugFAKbVOSvlvz/P2B/C3AbAjJCRkkJG3h+W67pJEIrEvgLsAvAPgCSHESUqpHw+EQUGl0VeUUk9kbjcMYyQzb+QgiWglMxervlVISMggp6ClNe3t7asAzBtgW9DQ0LCT1vpCIcShm9i9Hr2ePK21LiWidQgL+A2k3mDVKrbetmLbYG7nwBTwGyi01j8AIHzfd6SUAHAwEY2yLEtord8lolGZxxPRbsy8DGEBv4HWG6xaxdbbVmwbrO3MW8BvUD0clZlvZ+bzmVkxs0Lq4RJ/ZubFq1atWgxgO9u2vwYADQ0NBwEwR40a9dJnaXNISMiWo5A8rDt83//p7Nmz3xloY4LUiQ3pE1JKycwvtbW1vQUAlmVdAuAR27af11ofBOD85ubmvN3IkJCQzweF9LBeNgzj3Nra2kj+Q4sLEc0wDGPDQzBc173DNM3xAG4VQoxTSnVsaZtCQkI+O/JWHJVSzgNwHIDtkRqrbujRDMSj6geYOoQVRz8vWsXW21ZsG8zt7H/FUa311QBuzrI7fABESEjIFiOvw2pra/tX+u+6urrhkUhkrVIqObBmhYSEhPwveR1WbW1tpKKi4noA3wewA4AvW5Z1ghDiU8dx5g+4hSEhISEBeYPuFRUVlzPzcKQWGz8GAIZhLGDmq4LKoyEhISFbhEKqNRxORD9RSr2b3haLxZYBeHHIkCG7D6h1ISEhIRnkdVhE1AXgsMxtQc/qgGQy+d5AGRYSEhLSm0JmCa8SQjwupbQB7AvgpvLy8rFEpObMmbN6IIySUk4gov0AvOE4zkaVGKLR6ETDMA5k5heVUs8OxPlDQkIGJ4U8l/BTAF8honYAMwE8DOCbvu/fU1tbaxTbINu2rwfwG631WGZ2bNuembHvciHEnQC+BuBOy7IuKvb5Q0JCBi95e1jMvKC0tPTQlpaWDTOCtbW1RkVFxXMjRow4G8BrxTKmrq5uODM3JJPJL82dO/ejxsbG3TzPe7OpqelC0zTF2rVrL/R9f+zs2bPfaWho2ENr/Vxtbe2tHR0diWLZEBISMnjJ6rCi0ehEIcQ8Zt6zp6dneVA9IU0ZgI+L/VzCoIzNdun/a617AHgrVqzgioqKagDvpdc0xmKxt6WUH1RUVIwFEA4NQ0K2AbIOCdva2p5RSn0FwMOGYRxsGEZN+mWa5j5VVVVfUkoN6HMJtdaXEdGcjo6OBBHtxMy9lwB8QES7DKQNISEhg4e8Q0Kl1Mmb2m5Z1gV1dXW/CXpFxYaklFcD+MqQIUPOAABmNohooyf0MLMmIgNhAb+B1BusWsXW21ZsG8zt7H8BPynlEAAXAxgPoDTYXAKg2jCM+wAU22GRlDIG4AvxePxbSqkEABDRB8y80YdDRDtprVcgLOA30HqDVavYetuKbYO1nf0v4EdEVwI4nIj+AGA4gAcArANw/kDUyJJSXkJEIwGcnRlMj0QiSwB8eerUqRVAqpwygC+uX7/+xWLbEBISMjgppB7WBK11neM4s5l5mRDinqqqqlMAROvq6sqKaYyUshLA5Vrr54noPNu2pW3bsrGxcZeWlpZPAbT7vn+/lPJ8rfX9zKzmzZu3tpg2hISEDF4KWZrzCRGNBgAi+sT3/S83Nzd7RPRRSUnJXkW2ZwiAO4hoD2auTr96enqGAUBVVdWPmHk2gD2YeabrupcW+fwhISGDmLwF/BoaGg7VWj8I4GRm3pmIbmTmx4noRM/zvjxQ2e4DRB3CAn6fF61i620rtg3mduYt4Je3hxWLxZ70PG83AItd170HwDQhxFIhxDFbmbMKCQnZyilklvBiZn4nmUz+H4B1SqkHATw48KaFhISEbExeh0VEywGcXlJScqOU8hNmfkwI8ZhhGH9rbW1dswVsDAkJCQFQQAwrk2g0uicRHSaEOI2ZTxJC1IQPoRh0WsXWG6xaxdbbVmwbzO3s/0MompubRVdX1/5I1cQ6BMCYYObwpiBpMyQkJGSLkNdhLVu27G9EtDMRtfm+f/Ouu+76YnNzs7cljAsJCQnJpJAY1i8AfAPAt4jo9GXLlj1rWdZTJSUlT7a2tm7xiqNSyhIAlQCWh0/vCQnZttisGNaUKVO2KykpOZyZLQCTAByklFo8MKb9L5ZlnUBEtwP4FKkyNN9RSv3fZkjUIYxhfV60iq23rdg2mNvZ/xjWtGnTdkwmkxOZeaIQ4hBm3hvAYgAXlZaW5hQvMkREs5j5XNd1Hwmc1ywAX92CNoSEhHyG5HVYyWTyXgAJIcRfmPkKAM9+FkOxhoaGMVpruK77CAC4rvuIlLLcsqz9Xdd9eUvbExISsuUppB7WUQB44E3JDTPvCuDtXpvfBvBFAKHDCgnZBiik6N1n7qwChjFzd69t65CKZY1HauF0Pt4CcGKxDQsJCSkKr6O/MazBgtb6IwA7ZG4jouFCiA8BPF+gzJEA5hbJpEoAywehVrH1BqtWsfW2FdsGeztzUkg9rEFBSUnJv4lo3+bmZhMAmpqaSpl5X631vz9r20JCQrYMW43DCnK+nuvq6rratu2vJBKJ6wA8rpQq5t0iJCRkELPVOCwAME3zPAC7MfMfmHnHZDIZ/axtCgkJCRkojiyiVt7x9mekVWy9wapVbL1txbatup1bVQ8rJCRk2yZ0WCEhIVsNn1uHJaX8Zn19/YhiaDU2Nu5mWVaxhpMkpTynubm5KJ+9bdvHTJkypaoYWlLKL1iW9Y1iaAGAZVlnB4vV+41t2wdLKYvy0JPGxsZhlmWdVgwtALAs64zp06eXF0MrGo0eGI1GDyyGVm1tbcS27W8XQwsAbNueJKXcIf+R+ZFS7mVZ1iGb+77PpcMKHFWHYRhPT506dZ/+6nmedzMRPSyl7HeQ37bt0wDc3tXVdc/kyZPzPjgyF0Fqx+9N03xaSjmuv7YB+BURLZBSXtxfoWg0ejgRzSeih4tw4yBmvhPAU8W4cXie9xMi+r1t21f398Zh2/Z+RHTX2rVrHw8eU9cvhBCzhRCP27Y9qb9aw4cPn8rMd0gpY/29cTQ2Nu7CzB0AnirSjeM2InrUtu3vbc6bPpcOa/bs2SsB3MXM//J9/0nbtk8KdvXOlC8IIroFwGsALpJS3lJbW2sA8PuiFYlEHgTwEjNHysvLn6qvr9+9r1otLS09ANqY+Z8AHrVt+zvBrj7pAbgNqdUA35VSzq6trY30VWvXXXd9EsDTWuuVhmE8F41G9+2HXczMMwF0EtHvLMtqDLb3VU8BeIeZj162bNkDU6ZM2a6vWo7jLGXmPyO1TOw527Zr+mnbbcy8hJlbpZTN/dGKRCLzkcoc/zIRPSal/EJftVpbW1cA+AOAVwE82dDQcFR/bGPmmwH8g5mvkFLeEtw48mp9Lh0WACSTyUuIaB8iamDmdtu2GwA81xctx3H+FjiFFgBjRowYcd+UKVP65PxaWlp6iOhyIYQG8DvDMJ5qaGjYoy9aANDd3f0LItqDiCxmvkFK+VMAH/VFSyn1D2Z+BMBdRLRTRUXFo1JK3Ret5uZmDeAiAJXMfFPQaxjdFy1gw01jFwBNRPQj27avb25u/rgvWkqpdwH8hpkXCiHipmkujEajkb7aZprmhQD2JqLLmPnhYLj5YR9tu52IBDP/BMDpwY1jVV+0Zs6c+QkR3QzgDWZ+EcCTlmUN74sWAHie9yMA+zDzD7TWHbZtn4c+ttN13UeYeQUz/5qIDurq6vq9lDLvMyI+tw5r7ty5HwG4lZmP8n3/EGa+QErppDPlN5eSkpILATSVlJSczszvmabZZ0fjOM6fmNlj5n8SUZPW+qHN7RqnmTdv3loiugLAtz3PG09Ep0spf9vXmEpZWdnlAL7v+/5UZn4awLO2be/XFy2l1LPBI+F6mPkcZr5LSnl+H7WSAH4A4PySkpKDtNY1XV1dDzY1NW3fF714PH4dEZ2ktf4FM98uhHjGsqzxfdGaNWvWv4noT0hNy3+TiGZm9I42F2bmRiL6USKROALAF4YPH/7XhoaGnfoiVllZqQCMFkLMI6Ibiejv0Wj06L5ozZkzp4uI2oQQ45n5UGb+SUbvaLMhoh8Q0XTP876J1Lrgp6SUX8z1HqMvJxqMWJZVN27cOL148eINxcQmTZq0ePXq1T8TQvzF9/2bDMNoWL169berq6v/2NnZ2ZNNKxqNTqyurh6/1157vbl06VIfAJ5//vk11dXVJVrrk5RSF1RXVw9j5rZx48Y9vXjx4qyVVxsbG4eNHTvWmjBhwnvPP//8hjvImDFjnhFCzBk6dOiPk8nkQwDaqqurt+/s7PxbnnaefdBBBw1ZtGjRsvS2zs7OpTU1NVHDMF5ft27dL0tKSs5KJpNTx48f/8dFixatzaYlpRxdU1NzzOjRo19fsmSJBwDPPfdcz7hx4z4VQkRd1z2/urp6HYB548aNe2nx4sVvZNOqra2NHHbYYQ0TJkxY8fzzz3+a3j5x4sSnfN+frbW+qqSk5HfMfEt1dfWXv/SlLz26dOnSrAvrpZTfGjt27MjMz7azs/Pd6urqY5hZx+Pxnw4ZMuTrnuddNmbMmIdeeOGF/2TTmjp16pfGjh176sSJE19//vnnEwCwdOlSv6am5i1m/rnruj+oqal5F8Bd1dXVb3V2di7NptXc3Cz23nvvhjFjxqx64YUXVqa377fffs+YpnmbaZqzhBBtWutfjBs37uBDDz30oeeeey7rUEdKeXx1dfVekyZNemvhwoUMAIsXL/6ourr6q4Zh7B6Pxy8qLy/fn000NaIAABzHSURBVJl/PXbs2EcXL16ctVcZjUZ3rqmp+d7o0aPfWLJkyXoAWLhwIY8bN+4lALdUVVWdv2bNmiVE9Nuampr/dHZ2dmbTAgDbtuvHjRuXWLx48YYe+6RJk55fvXr11QDu9zyvxTCMH65evfrUCRMm/DH92Wax7fDx48d/bdKkSW8uXLhQA0BnZ+d/qqurhwshDgt+UyMBzKqpqflbZ2dn16Z0Phc9LMuyDiGiOUKIe6SUz0spz6+vrx/R3NysmbkJQMtuu+22iplPBPAOUg/U2CS1tbWGEOI3RNRaUVHxLynljPSsTVVVVQuAr1uWtb9S6npmbhBC1OWyzfO8iwDc6Hne36WU90spvyWlLJk9e/Y7AO5cu3btpUqpxZ7nTQAwobGxcedsWlOnTt2HiOZrre+UUr4kpfxRNBpNH9/EzDesX78+WVVVdQYz/11rnXPGj4gUM98aiURellK2NjQ0HAQAruvOB7CHlPIwpVSbEOIsIjovl1ZFRYUF4GbP8/4qpXzEtu3v1NXVlc2cOfMTZr5RCPGrWbNm/dv3/YkA9hgxYsSXsmkFwes7hRC/kVK+bNv25Y2NjbsBgGmaFzPzz3bZZZcyx3HOA3CHaZpn5LJNa30LEd3sed4SKeWcaDR6OAByHOdhIlpv2/apjuPcrbU+AcDkIEa5SZYvX14L4DbDMP4kpXzcsqy6xsbGYfPmzVvLzJcnk8mbWltb3zNN8zAhRFl3d/cB2bSC2NmdANyurq5XLMv6ZX19/ZcBoLS09AoAU0eOHDlSKXUhM18nhPhurnYKIa4BcGMkEllkWdadtm0f19zcLFzXfR7AS11dXVMcx3kUwBHMfJqUMmuFk2g0ejQzu0T0BynlM7ZtN9TV1Q1vbm72tNY/BHDb3LlzPy4tLT0WwCfJZHJiNq3a2tqIEGIeM8e6urpesW37+nSvvbS09AYAp9bX1++llPolgOnM/P1sWptVInkwY1lWHRFdDeBaItqNmWuJ6FkAc7XWpwohFjmOM7sQrfr6+i8bhvEAgCcALAEwmYhMZm4H8BYRXeg4zrEooPROMDvTCqCamW8jomOQcpj3ApgHoM33/bNmz55dUPVWKeW3AMwCcBNSpXW+C+CfSFWhqAGwRil1bSFaDQ0No7TW9wN4lYj+j5m/C2AEgHYhRKfW+tdVVVWHFPLQkeDpStcAOBXADUg9YelYAH9k5rlEdBMRTXccZ1GB7fw6gDsAOAA8AJMBvENE7QAqtdajXNf9USFaQdXce4hoNTMvIKIzmXlPIprn+/5fhBAKwESl1LoCbfsJgAYA1wD4GoCTAfwFwBwiuoSZW5RSfy5Ey7btGma+F8BdSJUargOwkpnnAgARHa2UOrcQrcbGxmGe593JzNsBmEdEpwI4gJnvZOb7hBC3l5SUHDFz5sxPCmynDeDnAK4GsBeAM5j5SQBzhBDfZeZHlVJ3FqIVjUb3FULcT0R/BvAKgO8zs0dE7VrrDwBEXdf9Zj6dz0UPCwBc123XWn8bwKXM/E5VVdWXAcxnZpuIjmbmawqdXp89e/briUTiYGbeHcDJpaWlxwM4l4h2BzCDmQ+UUn4njwyAVOxFKWUFU/y/JKLbEonE14jo30g5sgrDMG7Np1NfXz+irq6uTCl1HzN/A8D5zOzF4/G9ieg2Zj4LwJkALk33RrLR1NRUKqX8QiwWWwbgcAAlWutzk8nkmb7vn8bMw7XWMQC7dXV1NebSAlJDkZdffpmUUpcQ0XUAfgXgLtM092Pm54QQNwKo0lrPRIE3SaXU/xHRkQC+A+ALVVVVB2itrwJwPDNLIrIbGhqy9l4ymTlz5ifxePz44IdxPjNL0zSPBVJpBABGMPOlhWgFtl3LzNMB/JKI/ppIJPYmokeZ+efMvC+AW4MZ1qxMmTJluylTpmznOM4irfUhAI5h5gNLS0trhBAXE9FBRHQpgNOCHmFWmpubRWNj4y6tra1rqqqqviWEWBS89xKt9SFEtEoIMQfAsGQy+at87ZNSfqG2tjailHKI6FwAP2PmfyE12/h7IvoBMx8K4Iagl5iXtra2fwE4mJkP0FofYxjGUVprycz7ENF1RHRwcDPOyVbrsOrq6srQ6+Jva2v7u2EYhwKYunz58lsqKysfUkqdlkwmDyOiy4cMGZI1ntM7SN3e3r5q1KhRJwF4q6en5ykhxHrHcS6uqqraj5nrmTlrnGNTAW/HcW4CIJl5QSQSOclxnJhSaiIzn8zMt+dqp5RynmEY70YikU9t27561KhRLwGYCOCbw4cPn9fT0/N313XPSSQSE5n5IsMwssZzbNv+Xk9PzzIAXVLKhb7vj1RK1RLR4yUlJc+WlJSUua77s6qqqv2Qugtm7RFFo9E9pZSLhRBvVVRULLMs6wzHceZqrc8E8BvP877vum674zhH+L5/ghBiJrL0SqWUJb0nRBzHec0wjIMBjF62bNmC8vLyFx3HOc80zRpmPh85Zqh6fwcdHR0J13WjzDwfwNOJRGKU4zhXKaUOIKJzhBALC9UCANd1/yCEOIGZbyotLb3IcZy7XNc93jTNrwO4Yf/998/WKyUp5VWmab5vmmZcSnl7T09PvLu7+wgiGtbT0/OXnp6et5RSjYlE4msAbADvZ7PNtu0jurq63vE87y0p5T+XL18+znGci5n5GgCPG4ZxoFLqRqXU1wCcxcx/zKZVV1c3XEr5JwDvVlRUrJRS/tBxnMeY+QgiugjAdfF4/AGl1CmmaR5BRM2maa4v9HNTSn0cj8ePI6KVnuf9PRKJxJVS0+Px+AFEFGXm17Jpbfjw8h0wGAmGH38FsCsz/9Y0zfmzZs3aUBcryMa9i5mNZDJ5Vnt7e85pYcuyrGAG5X6t9R2jRo16NHMYZNt2EzP/VGt9Vltb299zaQWzHM8hNZV8RyQS+V1mF1xKORrA/cw833XdnyPHsLK5uVksX778bmb+V1VV1RUrVqz4qtb6HgC/VUo1T58+vXzt2rVzAexhmua3glyZXLbVAvixaZqTVq9evbq8vLwFwMR4PD6mo6MjYdv295j5JiKqcxznT7m0otHozsGP/CKl1IOB9hwi+qbjOH+bOnXql3zff4CIFlZWVl6Qb1gppYwBOJWZO4joDqXUsxmfg7ls2bIWIjpMa31KW1vbW3m0vg7gfiJaqLW+Y9iwYQtmzJixIQ3Ftu1JzDybiC5wHOe3ubQmT548tLy8/Jngv3cAuDNIi0ifqxLAAgCvJRKJ+vb29qw/4ODcVwPYi5nP8zxvuGmavwXwgVLqrOD7voqZv83Mp+R7VkEwnLyDmU8fNWrUv5cvX/4TZr7A87yvzZkzp8uyrCOJ6HfM/AvXdVtzadXV1ZVFIpHHmPmOUaNGxVasWHGw1voeZv6p67pz6uvrR5im2cHM3Z7nfWfOnDmrc+lZlnUBEV3JzAuEEPNXrlz5146Ojg2TD0Fy8gUAzsj8rvOxVTosAJBSLkAqxkQAzkYqzjFfCHFXLBb7sLa21qioqLgJwCFVVVUTgrygTWLb9pnBVHIrgHOYeRwR3Qdgfjrmkn7EGDOf4Lrukhx27YBU3Gs6UtUhTgXwDwDzE4nEA+3t7esbGhp20lr/AcBCpdRlObSuAbCzUmpKeptlWWOI6CGlVDqrmqSUVwA4Jx6PH9DR0bHJmRrLssYT0TzTNI9KO7bA8S9h5gtd1/1LcNwhRHQ3gO9me4RaxsXd4rruXRmf4yVa6/1c1/1++rMgot8BeNdxHJmtnem2EtH2zPwSUsPAnTNuRm8Gx/wAwI8B7K+UytqLjEajBwohOpj5R0R0JoCjiegx3/fn7brrrgubm5t1cMz9zPwj13XvyaYVOJHnAMwEsAcz1wL4kIjm9fT03NPe3r5q+vTp5evWrWsHUOI4zunZtGzbPpeZ6+Px+HHp72nq1KkVvu+/A+BLSqmPAcCyrMlEdKPneWPmzJmzydmyaDS6qxDir8x8Vub1KKX8PYAnlFK3Bv/fC8ADRHSr4zixLKaRlHI+gNeUUs3pjZZlnQLgMtd1JwRaJUglF++nlDoCOW62QVvPZubbiegcAKMB3BPcqJek9YmoTWt9ZDBkzMtWOyRk5osBTAVwm1JqHBFdAOAqrfWTlmU9WFFR8W0AlwI4I5ezAgDHce4mIlNrvd5xnNNLS0sPBDCBmedLKZdKKS8zDOPfpmnWuK77Yi6t4Id0LYCzlVLTg1ja0wBujkQir1qW1QZgv6FDhx6rtc4au5JSHo9U4uWMXu3+DzbO2OfgIjs2m7Oqq6srI6J7ANyd2QsLZlE/NQxjg57ruk8JIcbH4/Gs6RUlJSW/AlCxfv36B3rZtgqpfJoNn0VlZeXJRHRlNq00paWl1zDzyVrrPyuljvJ9/0Qimub7/oOWZT0hpZzq+/58AIfkclYA0NbW9hIRPU5E+yql6kpLS7/CzBEhhOrq6npdSvlrIQQLIQ5KJpMP5tIKrp0LmbmpsrLySqXUfkR0KzNfH4lEXrAsq2PdunXHRyKRcw3DuCCbjpRyL2ZWzHxr5vdkmuY6AD2e521Is3Fddx6AmmzOCgCEEPMB/CMID2yAiHp/B28kEolDmDlrT1JKWQ/gm57nqV7nWEVEG66NIB5rIzXRk3PCqbKycj6Akcz8oVLqlEQiMRbAMUR0l5TyH7ZtX1JSUvICgJpCnRWwFTss13VfRaor/iMpZYnW+mpmnlZVVbUPUjNL5xFRfWb3PQ8XEtG1zc3NZiKROIeZ4/F4fH8ApwPYRWvt7LTTTstRwMxgPB5vA7CvlHLC+++/vzuA8wzDONrzvP2JaInWesaaNWv2aWtry/oAyng8/hgz3wrgccuyjgVSd3simgHgut7H52pne3v7emaeAmCalPKG9LS9ZVlnCSF0LBZ7KvP4WCy2LLP73hsiuoaIPi4vL38iHeAPEhsvMk3z5sxjm5ubvSC4n5OWlpZPmfkqIcTVAGAYxuVENFsptS8R/YSIjjIM48pCv0/f938G4Pxp06btuH79+sMB7F9aWjrO87zDAKwHMDuZTHr5hnBAaqUDgDe7uromNzU1bc/MPyei2ng8vg+A+5j5kvXr15+U60noSqk3mPlCIrrdtu369Pb169dfCeDO3kOsfO1k5mkAxi5fvvzu9JrUaDRazcxHdXd3b+Sc2tvbV+Vy8olEYj6AB03TfLahoWEssCFGfB0zb9a1liZw9NOFENc3NzeL0tLSKQDeDGLAZ2ut9/B9v7WqqiprfG5TbLVDQmBDd/oFAM8Q0ZuO4/y0kPdJKUuCod0fe21vD/4cU1paekRLS8un//vuwrBt+zgAv2DmMma+OD3k2lyCBde3ALgoSNfYLZjmzus4g+HMJMdxFgCpPC7f9/9IRK8w800AlOd5R+a6k2ejtrY2MmLECIeZTySib2utrwbgBL2DPhEM4xcxc6cQYkRlZeWZ+XrHaaSU31JKLUDG52Lb9iXMPB7AaK31ifliX3n090LqqeGvEdGCHMOrnNi2fRwz/x7AbKRCBTKRSBxTiOMM3j+psrLyoebmZu+8884bWVJSci9ST0yeCmA+EX2n0NSRXpCU8nIAPyai7zPzaUT0XqG/qWwEQ9Q1AEZ3d3cfNW/evKwTX4WwVWS6T5s2bcf999+f09nYaRYtWrS+urraA3BiVVXVWelM4XxUV1c7RLRTZ2fnRk5k/PjxzzPzLCHEqa2tre8UomVZ1t7V1dVX1dTUHB9kD78PAJ2dnW/W1NR8i5kXua5b0MXd1NS0/QEHHBB54YUXNgwZOjs7F48fP/4pZo4BGNvd3X3cSy+9lDWjOJO99977amYeu3jx4vsBYNGiRZ+MGTPmDqTyyq4gIqutra2g9ZVSyi+OGzful9XV1afU1NSsmzdv3hudnZ0LqqurDaRyfl5wXbegi7upqal0zJgxFZ2dnRvlPS1dupTHjh37mhDiF57nHTFjxoysqxEysW37QgCnTJo06feZ18Do0aM7DcO4CsAVruvmnCxJE2SLX1ldXV1bU1Pjd3Z2vg4AnZ2d8erq6l0B7KSUml6IVm1trXHUUUftnLnCobOz883q6uoFAK4EcK7v+8fOnTu3oPV4lmVNBjDt3Xffnb906VJ/yZIl6w455JA7fd8/CKnqBzMcx7krnw6QmhE86KCDflZTUzO5pqbGmDRp0r9vvPHGx6urq18HcDuAIVVVVWcW+JuihoaGUYsWLfqfQPzYsWMXEVEMwAlz587t9/MXtoohoed57aWlpf+XkdW9gaqqqhgAY9myZTlzVdIEF3dlPB7/nx9XLBZbxsy/1lrnzT0CUsMgInqAiF4moi5m/oNt2yrdRRdCXEREZ06dOrWiEL2enp6bN7VGMRaLLQwyxD8pLy+/u5CaRLZtn0tEh5aVlU3L3D579uyVo0aNOg7ATGZ2bNs+Ip9WY2PjMAAPEdE7RPQqgHYp5V1Tp06tUEr9mohOB3BMEPzP22vv6en5BbKsUWxra/srgIUlJSU5s7oz2nkiM3/HNM3JvXtjQa/lEgDnF7LeLcjI/hOAOIAXmXmGlPLBxsbGXYJDfgXgACnlVwuxbfjw4dM9z1ucXkGQRin1SklJyURmfsIwjHuCih05CSZDLk0mk7WZMbCWlpYepVQdM/+QmS+1LKuQz40ikcgCAGDmZ5j5Z8uXL1/Y0NCwh1KqI8h/22HZsmVzm5qaSguw7fta63/Ytn1M731tbW1vMfMtSPUA+82gd1jB8G0fZl4khHi2d3Gz5uZmj4guJiI334JfKeU3mfnc7u7ub3d0dPhSyq8HS3lek1JeFQSnbwBwfCELRLXWFjO3K6VucxznOq11DTN/q7y8/OHGxsZhQarFfb7v31Bgcw9n5vu01s/0Lm6WkcxqENFjuX6AUsrDmPmnpmme1tLS0mNZ1vggcP2mlHLGu+++W66UOp+IrmHmh/LV0vJ9/xwAjwT5PDN83x8LYILv+wunTZu2o+M4C5j5CAD1UsqrC2jn8UQ0l5n/btv2/zzYlpkvZuZfRqPRXXOJSClHM/NMrfVpra2ta6LR6L62bT8mpXzbtm01bdq0HZVSdwPwly1b1pDPqBEjRpwM4GWl1K+UUrd1d3ePA7Cb53lPRKPRXZVS/yGiq5m5rRAHSEQnAnC01n/uXUhv5syZn6xateoEZn7eMIxnct3UGhoa9iCi+QBOnzt37kf19fW7W5b1oJTyHSnlvClTplS5rnsLM3+PiGKWZZ2Vy65oNHoYgHVKqcuUUk48Hp/AzKS1fmrq1Kn7BMmsE4jogPXr1/+ukHYy80xmvjvIjt+IsrKyqwHU2rZ9cD6tfAx6h6W13pmInlNKNTHzrzdV3CzIGXp19erVOasKEJEPoKqsrOxg27a/AqBVa30JM0eJ6JhIJHK7UmodEV0mhDgpl1agRwA2rC5va2t7H8DDAJYnk8n5AOD7/pUAxua7U02ZMmU7InrFdd2fEdF0IvpTMATYQDqZVWs9NVdsh5k1gIpEInFUY2PjLkQ0LwiUfxfAaNM0762trTWCZNajq6qqsqZpBIjMdgb1xu4jolcSicQCAOS67hLTNA/SWqusKkjF1QDEHce5iogmM/OdQbrCBoIJlXmGYRTSay4TQpzY1NS0vRDiHmaOUWrpzchkMvnw9OnTy4houhCikEqqG7UziLfcRUSdQoiHpZQlK1eudIlIfPjhh6PyiTGzoZT6BYCTmfnWoILDhh5oOpmViE6fNWtWPJsOEQkATESn1tbWRgzDWEBEv2fmU5lZm6b517q6uuGu6/4BwCElJSU5c+gCvVFpp9vR0ZEgonkAnvB9/5HGxsZhbW1t73d3dx8hhLgiXzuJaHgymfwVM38dwGW2bd+cuR4zmFC5glMrNPrFVhF0b2pqKg2K1aWDlncx8zWu694Q5IbIRCIxu5DAZZBM10FEiwEox3HuDc6xfU9Pz78ATFJKvSClNIOSJllpbGzczfO85wFcW1VVdWtXV9cIAH8dOnTohLVr1z7JzNNd1328trY2ki3lIFs7o9HoRCHEH4hobmVl5eXNzc0spWwEoPLZBQBBr+lBZl4shFjgOI4CNuRQvQDggkLXu9XX148wDGMxEf2msrLyl++++265aZoLfd8/zjCM3xNRzHGcuwvR6t3OhoaGA7TWDzDzw6NGjWpqbm72pJS2YRi/z/UjTmNZ1t5E9CiAFwE8q5T6FZCKH40YMeIJrfVtruveUch3ECTiPg/gsUQicQkARCKRR7XW5wohriGihY7jxPr4fe4phHgAwD+HDh163owZM7oty6rTWt8f3AByEuRdPYrUus+3HMf5YbCLpJQPAPiLUurmHBIbCPLvngDwummajTvttNP6rq6u+4iomVMLjz8MFiIXRGY7pZSVzHwfEX1SWlp6dktLy6eWZZ3NzE/85z//WZ5r9rkQBn0PC9hQWRMAEKw2P5SIbCnlbKQS2fYtdJbFdd3HhRAnM/OunuctzDjHpwCeJqKdkMptyusUWltb39NaHw/g+11dXR8BWMrMVwZZ1b8lokOB1B1sc9vZ1tb2DFK5YCd1dXV1SCmvBXC4UirvQmQAUEotZuZjiWgPwzAeSm8PPqe/Be0siNmzZ6/0ff9YrfUxXV1dH5um+RYRtc6ePXslM8/n1LqygslsZywW+6cQYgKA0V1dXQ9LKX/KzGfsvPPOOTOp07iu+6oQ4kikkjrvS2/v6OjwmfmxdDsL+Q5mzJjRLYQ4AcBXI5HIR5FI5H1mXhDEYTa0s4/f51ulpaWHANh+zZo1C4Ne5dTtt9++oEKQbW1t7wshjiSiUUTUkbGLmflRACML0QFSKQclJSWTAAzxPO+Drq6u5QD+Ecwuzk9ft4WS2U6l1PJhw4YdBeDTnp6ep4JVJJd5nremv84K2EocVm/SQUsAhwLYo6qq6of53pNJLBZ7Lh6Pfy3zzhaU9TjAMIwnNkerra3tJaXUWN/3x3V3d+/puu49QXf4aGbOWW8oH0qpd03TPAyph8ceNXTo0PNQQDpDGtd1X47H4wdm5gcFD6w4klKr5gtm9uzZr7uue5jW+oDS0tIvBZUvSAhxLBH1q52xWOzDsrKyY4Kh7ORkMnlWIRUiMt7/djweH5u5lCVY6H4qgPs305ZlSqkTAOxtGMZXXNe9AQCI6DgA/WpnS0vLp/F4fJIQ4m0AFxPRtzKXDBVg24crV66cEIvFnkxvmzx58lAi+q7W+t7NsWXmzJmfKKXOTCaTeySTyf2UUpcCqXb297qdMWNGt1LqO8z8dyK6xvf90/ItjyuUPlXfHAwkEokaIvISicS3N+fiTpP29rZtn8eplffbCSG+19ramrdM66YI6lvBtu17mfkgAHe4rvtIX7Qy8X3/q0hVdDhqcy7uNBntPJWZrwYwjJkbYrFYn0rbBnE6WJbVRkQnMPPDVVVVBZUYyUVPT8+eRLQXEZ3Yl4s73U4p5WEAXABDiegSx3GyFh3MhVJqeaD3awDfBvBsPB7v98M5tttuu52ZeRwzn+667mZP86fbaVnW/kFPaxgzX9vW1tYnJxNU5k2XzJHM/Fp3d3fW5UWFMm3atBHJZPJIrXXBpZMKYat1WACOB3Bqfz23YRgdyWTyn+vXr1/a36Q2ABBC1CeTyUiuLPbNgZlPFkKcVUi2eC56enoeKS0tXcbMr7mum3NpSyGUlZVduHbt2mF9STrNwjeEEPWxWCzviv1cxOPx53bYYYfvlZaWvl1o3adcmKb5CwAtubLYNwfDMI5n5h8HRfX6zKpVq17Zcccdv+t5XlcxrrWhQ4fe0t3dfVcsFnu7v1oA4HneYcx8Q5CmEhISEhISEhISEhISEhISEhISEhISEhISEhISEhISEhISEhISEjJI+H/hkHqT1oBgVgAAAABJRU5ErkJggg=="`;
